// Vitest Snapshot v1, https://vitest.dev/guide/snapshot.html

exports[`CdrAbstract > matches snapshot 1`] = `
<p
  class="cdr-abstract"
>
  
  This is an abstract
  
</p>
`;
