// Vitest Snapshot v1

exports[`CdrImg > renders correctly 1`] = `
<img
  alt="test alt"
  class="cdr-image"
  src="/src/dev/static/cedar-350x150.jpg"
/>
`;

exports[`CdrImg > renders crop/ratio correctly 1`] = `
<div
  class="cdr-image-ratio"
  style="--ratio: 100%;"
>
  <img
    alt="crop left"
    class="cdr-image cdr-image-ratio__cover cdr-image-ratio__cover--crop cdr-image-ratio__cover--cover"
    src="/src/dev/static/cedar-1920x1080.jpg"
    style="object-position: left;"
  />
</div>
`;
