// Vitest Snapshot v1

exports[`CdrToast > matches snapshot 1`] = `
<transition-stub>
  <div
    class="cdr-toast cdr-toast--default"
    role="status"
  >
    <div
      class="cdr-toast__main"
    >
      <div
        class="cdr-toast__icon-left"
      >
        
        <div />
        
      </div>
      <span
        class="cdr-toast__message"
      >
        
        toast content
        
      </span>
      <button
        aria-label="Close"
        class="cdr-button cdr-button--primary cdr-button--icon-only-small cdr-button--icon-only cdr-button--icon-only cdr-toast__close-button"
        type="button"
      >
        
        
        
        <svg
          aria-hidden="true"
          class="cdr-icon cdr-icon--medium cdr-icon--inherit-color"
          slot="icon"
          viewBox="0 0 24 24"
          xmlns="http://www.w3.org/2000/svg"
        >
          
          
          
          <path
            d="M13.406 12.006l3.297-3.296a1 1 0 10-1.414-1.414l-3.297 3.295-3.285-3.295A1 1 0 107.293 8.71l3.285 3.295-3.285 3.288a1 1 0 001.414 1.415l3.285-3.289 3.297 3.289a1 1 0 001.414-1.415l-3.297-3.287z"
            role="presentation"
          />
          
          <!--v-if-->
        </svg>
        
        
        
      </button>
    </div>
  </div>
</transition-stub>
`;

exports[`CdrToast matches snapshot 1`] = `
<transition-stub>
  <div
    class="cdr-toast cdr-toast--default"
    role="status"
  >
    <div
      class="cdr-toast__main"
    >
      <div
        class="cdr-toast__icon-left"
      >
        
        <div />
        
      </div>
      <span
        class="cdr-toast__message"
      >
        
        toast content
        
      </span>
      <button
        aria-label="Close"
        class="cdr-button cdr-button--primary cdr-button--icon-only-small cdr-button--icon-only cdr-button--icon-only cdr-toast__close-button"
        type="button"
      >
        
        
        
        <svg
          aria-hidden="true"
          class="cdr-icon cdr-icon--medium cdr-icon--inherit-color"
          slot="icon"
          viewBox="0 0 24 24"
          xmlns="http://www.w3.org/2000/svg"
        >
          
          
          
          <path
            d="M13.406 12.006l3.297-3.296a1 1 0 10-1.414-1.414l-3.297 3.295-3.285-3.295A1 1 0 107.293 8.71l3.285 3.295-3.285 3.288a1 1 0 001.414 1.415l3.285-3.289 3.297 3.289a1 1 0 001.414-1.415l-3.297-3.287z"
            role="presentation"
          />
          
          <!--v-if-->
        </svg>
        
        
        
      </button>
    </div>
  </div>
</transition-stub>
`;
