// Vitest Snapshot v1

exports[`CdrBreadcrumb > with 3 or more breadcrumb items > renders correctly 1`] = `
<nav
  aria-label="breadcrumbs"
  class="cdr-breadcrumb"
  id="bc-test"
>
  <ol
    class="cdr-breadcrumb__list"
    id="bc-testList"
  >
    <li
      class="cdr-breadcrumb__item"
    >
      <button
        aria-controls="bc-testList"
        aria-expanded="false"
        aria-label="show 1 more navigation level"
        class="cdr-breadcrumb__ellipses"
      >
        <span
          aria-hidden="true"
          class="cdr-breadcrumb__ellipses-icon"
        >
           . . . 
        </span>
      </button>
      <span
        aria-hidden="true"
        class="cdr-breadcrumb__delimiter"
      >
         / 
      </span>
    </li>
    
    <li
      class="cdr-breadcrumb__item"
      style="display: none;"
    >
      
      <a
        class="cdr-breadcrumb__link"
        href="http://google.com"
      >
        Longer Breadcrumb List Step 1
      </a>
      
      <span
        aria-hidden="true"
        class="cdr-breadcrumb__delimiter"
      >
         / 
      </span>
    </li>
    <li
      class="cdr-breadcrumb__item"
    >
      
      <a
        class="cdr-breadcrumb__link"
        href="http://rei.com"
      >
        Longer Breadcrumb Step 2
      </a>
      
      <span
        aria-hidden="true"
        class="cdr-breadcrumb__delimiter"
      >
         / 
      </span>
    </li>
    <li
      class="cdr-breadcrumb__item"
    >
      
      <a
        class="cdr-breadcrumb__link"
        href="http://yahoo.com"
      >
        Longer Breadcrumb Step 3
      </a>
      
      <!--v-if-->
    </li>
    
  </ol>
</nav>
`;
