// Vitest Snapshot v1

exports[`CdrCheckbox > renders correctly 1`] = `
<div
  class="cdr-label-wrapper__container cdr-checkbox"
>
  <label
    class="cdr-label-wrapper cdr-label-wrapper--primary cdr-label-wrapper--medium custom-label-class"
  >
    
    <input
      class="cdr-checkbox__input"
      false-value="false"
      true-value="true"
      type="checkbox"
      value="false"
    />
    
    <span
      class="cdr-label-wrapper__figure"
    />
    <span
      class="cdr-label-wrapper__content"
    >
      
      
      Label Test
      
      
    </span>
  </label>
</div>
`;
