// Vitest Snapshot v1

exports[`CdrCard > renders correctly 1`] = `
<article
  class="cdr-card"
>
  <!-- @slot CdrCard content -->
  
  
</article>
`;
