// Vitest Snapshot v1

exports[`CdrSelect > renders correctly 1`] = `
<div
  class="cdr-label-standalone"
>
  <div
    class="cdr-label-standalone__label-wrapper"
  >
    <label
      class="cdr-label-standalone__label"
      for="renders"
    >
      Label Test 
      <!--v-if-->
    </label>
    <!--v-if-->
    <!--v-if-->
  </div>
  <div
    class="cdr-label-standalone__input-wrap cdr-label-standalone__input-spacing"
  >
    
    <div
      class="cdr-select-wrap"
    >
      <!--v-if-->
      <select
        class="cdr-select cdr-select__prompt cdr-select--primary"
        id="renders"
      >
        <!--v-if-->
        
        
        
        
      </select>
      <svg
        aria-hidden="true"
        class="cdr-icon cdr-select__caret"
        viewBox="0 0 24 24"
        xmlns="http://www.w3.org/2000/svg"
      >
        
        
        
        <path
          d="M12 16c.273 0 .521-.11.702-.288l5.005-5.005a1 1 0 00-1.414-1.414L12 13.586 7.705 9.29a1 1 0 00-1.412 1.417l4.98 4.98c.182.193.44.313.727.313z"
          role="presentation"
        />
        
        <!--v-if-->
      </svg>
    </div>
    
    <!--v-if-->
  </div>
  <!--v-if-->
  <div
    class="cdr-label-standalone__post-content"
  >
    
    
    
    
  </div>
</div>
`;

exports[`CdrSelect > renders error state correctly 1`] = `
<div
  class="cdr-label-standalone"
>
  <div
    class="cdr-label-standalone__label-wrapper"
  >
    <label
      class="cdr-label-standalone__label"
      for="renders"
    >
      Label Test 
      <!--v-if-->
    </label>
    <!--v-if-->
    <!--v-if-->
  </div>
  <div
    class="cdr-label-standalone__input-wrap cdr-label-standalone__input-spacing"
  >
    
    <div
      class="cdr-select-wrap"
    >
      <!--v-if-->
      <select
        aria-errormessage="renders-error"
        aria-invalid="true"
        class="cdr-select cdr-select__prompt cdr-select--primary cdr-select--error"
        id="renders"
      >
        <!--v-if-->
        
        
        
        
      </select>
      <svg
        aria-hidden="true"
        class="cdr-icon cdr-select__caret"
        viewBox="0 0 24 24"
        xmlns="http://www.w3.org/2000/svg"
      >
        
        
        
        <path
          d="M12 16c.273 0 .521-.11.702-.288l5.005-5.005a1 1 0 00-1.414-1.414L12 13.586 7.705 9.29a1 1 0 00-1.412 1.417l4.98 4.98c.182.193.44.313.727.313z"
          role="presentation"
        />
        
        <!--v-if-->
      </svg>
    </div>
    
    <!--v-if-->
  </div>
  <!--v-if-->
  <div
    class="cdr-label-standalone__post-content"
  >
    
    
    
    <div
      class="cdr-form-error"
      id="renders-error"
      role="status"
    >
      <span
        class="cdr-form-error__icon"
      >
        <svg
          aria-hidden="true"
          class="cdr-icon cdr-icon--small cdr-icon--inherit-color"
          viewBox="0 0 24 24"
          xmlns="http://www.w3.org/2000/svg"
        >
          
          
          
          <g>
            <path
              d="M15.293 16.707a1 1 0 001.414-1.414L9.121 7.707a1 1 0 10-1.414 1.414l7.586 7.586z"
              role="presentation"
            />
            <path
              clip-rule="evenodd"
              d="M22 12c0 5.523-4.477 10-10 10S2 17.523 2 12 6.477 2 12 2s10 4.477 10 10zm-2 0a8 8 0 11-16 0 8 8 0 0116 0z"
              fill-rule="evenodd"
            />
          </g>
          
          <!--v-if-->
        </svg>
      </span>
      
      <span>
        What happened?
      </span>
      
    </div>
    
  </div>
</div>
`;
